// Jest Snapshot v1, https://goo.gl/fbAQLP

exports[`highLightFolderPageReducer returns the initial state 1`] = `
Immutable.Map {
  "highlights": Immutable.List [],
  "isLoading": false,
  "error": Immutable.Map {},
  "isLoadingDelete": false,
  "isLoadingDeleteFolder": false,
  "message": Immutable.Map {},
}
`;
