// Jest Snapshot v1, https://goo.gl/fbAQLP

exports[`loginPageReducer returns the initial state 1`] = `
Immutable.Map {
  "isLoading": false,
  "token": Immutable.Map {},
  "error": Immutable.Map {},
}
`;
