// Jest Snapshot v1, https://goo.gl/fbAQLP

exports[`faqPageReducer returns the initial state 1`] = `Immutable.Map {}`;
