// Jest Snapshot v1, https://goo.gl/fbAQLP

exports[`studentAskPageReducer returns the initial state 1`] = `
Immutable.Map {
  "isLoading": false,
  "asks": Immutable.List [],
  "errors": Immutable.Map {},
}
`;
